Archive member included to satisfy reference by file (symbol)

/usr/lib/gcc/arm-none-eabi/5.4.1/../../../arm-none-eabi/lib/armv7e-m/fpu/libc_nano.a(lib_a-atexit.o)
                              /usr/lib/gcc/arm-none-eabi/5.4.1/../../../arm-none-eabi/lib/armv7e-m/fpu/crt0.o (atexit)
/usr/lib/gcc/arm-none-eabi/5.4.1/../../../arm-none-eabi/lib/armv7e-m/fpu/libc_nano.a(lib_a-exit.o)
                              /usr/lib/gcc/arm-none-eabi/5.4.1/../../../arm-none-eabi/lib/armv7e-m/fpu/crt0.o (exit)
/usr/lib/gcc/arm-none-eabi/5.4.1/../../../arm-none-eabi/lib/armv7e-m/fpu/libc_nano.a(lib_a-fini.o)
                              /usr/lib/gcc/arm-none-eabi/5.4.1/../../../arm-none-eabi/lib/armv7e-m/fpu/crt0.o (__libc_fini_array)
/usr/lib/gcc/arm-none-eabi/5.4.1/../../../arm-none-eabi/lib/armv7e-m/fpu/libc_nano.a(lib_a-impure.o)
                              /usr/lib/gcc/arm-none-eabi/5.4.1/../../../arm-none-eabi/lib/armv7e-m/fpu/libc_nano.a(lib_a-exit.o) (_global_impure_ptr)
/usr/lib/gcc/arm-none-eabi/5.4.1/../../../arm-none-eabi/lib/armv7e-m/fpu/libc_nano.a(lib_a-init.o)
                              /usr/lib/gcc/arm-none-eabi/5.4.1/../../../arm-none-eabi/lib/armv7e-m/fpu/crt0.o (__libc_init_array)
/usr/lib/gcc/arm-none-eabi/5.4.1/../../../arm-none-eabi/lib/armv7e-m/fpu/libc_nano.a(lib_a-memset.o)
                              /usr/lib/gcc/arm-none-eabi/5.4.1/../../../arm-none-eabi/lib/armv7e-m/fpu/crt0.o (memset)
/usr/lib/gcc/arm-none-eabi/5.4.1/../../../arm-none-eabi/lib/armv7e-m/fpu/libc_nano.a(lib_a-__atexit.o)
                              /usr/lib/gcc/arm-none-eabi/5.4.1/../../../arm-none-eabi/lib/armv7e-m/fpu/libc_nano.a(lib_a-atexit.o) (__register_exitproc)
/usr/lib/gcc/arm-none-eabi/5.4.1/../../../arm-none-eabi/lib/armv7e-m/fpu/libc_nano.a(lib_a-__call_atexit.o)
                              /usr/lib/gcc/arm-none-eabi/5.4.1/../../../arm-none-eabi/lib/armv7e-m/fpu/libc_nano.a(lib_a-__atexit.o) (__call_exitprocs)
/usr/lib/gcc/arm-none-eabi/5.4.1/../../../arm-none-eabi/lib/armv7e-m/fpu/libnosys.a(_exit.o)
                              /usr/lib/gcc/arm-none-eabi/5.4.1/../../../arm-none-eabi/lib/armv7e-m/fpu/libc_nano.a(lib_a-exit.o) (_exit)

Allocating common symbols
Common symbol       size              file

uwTick              0x4               Drivers/STM32F3xx_HAL_Driver/Src/stm32f3xx_hal.o
pFlash              0x20              Drivers/STM32F3xx_HAL_Driver/Src/stm32f3xx_hal_flash.o
htim3               0x40              Src/tim.o
htim6               0x40              Src/tim.o

Discarded input sections

 .text          0x0000000000000000        0x0 /usr/lib/gcc/arm-none-eabi/5.4.1/armv7e-m/fpu/crti.o
 .data          0x0000000000000000        0x0 /usr/lib/gcc/arm-none-eabi/5.4.1/armv7e-m/fpu/crti.o
 .bss           0x0000000000000000        0x0 /usr/lib/gcc/arm-none-eabi/5.4.1/armv7e-m/fpu/crti.o
 .data          0x0000000000000000        0x4 /usr/lib/gcc/arm-none-eabi/5.4.1/armv7e-m/fpu/crtbegin.o
 .text          0x0000000000000000       0x68 /usr/lib/gcc/arm-none-eabi/5.4.1/../../../arm-none-eabi/lib/armv7e-m/fpu/crt0.o
 .data          0x0000000000000000        0x0 /usr/lib/gcc/arm-none-eabi/5.4.1/../../../arm-none-eabi/lib/armv7e-m/fpu/crt0.o
 .bss           0x0000000000000000        0x0 /usr/lib/gcc/arm-none-eabi/5.4.1/../../../arm-none-eabi/lib/armv7e-m/fpu/crt0.o
 .ARM.extab     0x0000000000000000        0x0 /usr/lib/gcc/arm-none-eabi/5.4.1/../../../arm-none-eabi/lib/armv7e-m/fpu/crt0.o
 .ARM.exidx     0x0000000000000000        0x8 /usr/lib/gcc/arm-none-eabi/5.4.1/../../../arm-none-eabi/lib/armv7e-m/fpu/crt0.o
 .debug_line    0x0000000000000000       0x7e /usr/lib/gcc/arm-none-eabi/5.4.1/../../../arm-none-eabi/lib/armv7e-m/fpu/crt0.o
 .debug_info    0x0000000000000000       0xa5 /usr/lib/gcc/arm-none-eabi/5.4.1/../../../arm-none-eabi/lib/armv7e-m/fpu/crt0.o
 .debug_abbrev  0x0000000000000000       0x14 /usr/lib/gcc/arm-none-eabi/5.4.1/../../../arm-none-eabi/lib/armv7e-m/fpu/crt0.o
 .debug_aranges
                0x0000000000000000       0x20 /usr/lib/gcc/arm-none-eabi/5.4.1/../../../arm-none-eabi/lib/armv7e-m/fpu/crt0.o
 .ARM.attributes
                0x0000000000000000       0x20 /usr/lib/gcc/arm-none-eabi/5.4.1/../../../arm-none-eabi/lib/armv7e-m/fpu/crt0.o
 .group         0x0000000000000000        0x8 Src/stm32f3xx_it.o
 .group         0x0000000000000000        0x8 Src/stm32f3xx_it.o
 .group         0x0000000000000000        0x8 Src/stm32f3xx_it.o
 .group         0x0000000000000000        0x8 Src/stm32f3xx_it.o
 .group         0x0000000000000000        0x8 Src/stm32f3xx_it.o
 .group         0x0000000000000000        0x8 Src/stm32f3xx_it.o
 .group         0x0000000000000000        0x8 Src/stm32f3xx_it.o
 .group         0x0000000000000000        0x8 Src/stm32f3xx_it.o
 .group         0x0000000000000000        0x8 Src/stm32f3xx_it.o
 .group         0x0000000000000000        0x8 Src/stm32f3xx_it.o
 .group         0x0000000000000000        0x8 Src/stm32f3xx_it.o
[...]
Memory Configuration

Name             Origin             Length             Attributes
RAM              0x0000000020000000 0x000000000000a000 xrw
CCMRAM           0x0000000010000000 0x0000000000002000 rw
FLASH            0x0000000008000000 0x0000000000040000 xr
*default*        0x0000000000000000 0xffffffffffffffff

Linker script and memory map

LOAD /usr/lib/gcc/arm-none-eabi/5.4.1/armv7e-m/fpu/crti.o
LOAD /usr/lib/gcc/arm-none-eabi/5.4.1/armv7e-m/fpu/crtbegin.o
LOAD /usr/lib/gcc/arm-none-eabi/5.4.1/../../../arm-none-eabi/lib/armv7e-m/fpu/crt0.o
LOAD Src/stm32f3xx_it.o
LOAD Src/system_stm32f3xx.o
LOAD Src/tim.o
LOAD Src/gpio.o
LOAD Src/main.o
LOAD Src/stm32f3xx_hal_msp.o
LOAD Drivers/STM32F3xx_HAL_Driver/Src/stm32f3xx_hal_pwr.o
LOAD Drivers/STM32F3xx_HAL_Driver/Src/stm32f3xx_hal_i2c.o
LOAD Drivers/STM32F3xx_HAL_Driver/Src/stm32f3xx_hal_rcc.o
LOAD Drivers/STM32F3xx_HAL_Driver/Src/stm32f3xx_hal_flash.o
LOAD Drivers/STM32F3xx_HAL_Driver/Src/stm32f3xx_hal_pwr_ex.o
LOAD Drivers/STM32F3xx_HAL_Driver/Src/stm32f3xx_hal_i2c_ex.o
LOAD Drivers/STM32F3xx_HAL_Driver/Src/stm32f3xx_hal_rcc_ex.o
LOAD Drivers/STM32F3xx_HAL_Driver/Src/stm32f3xx_hal_flash_ex.o
LOAD Drivers/STM32F3xx_HAL_Driver/Src/stm32f3xx_hal_tim.o
LOAD Drivers/STM32F3xx_HAL_Driver/Src/stm32f3xx_hal_gpio.o
LOAD Drivers/STM32F3xx_HAL_Driver/Src/stm32f3xx_hal_cortex.o
LOAD Drivers/STM32F3xx_HAL_Driver/Src/stm32f3xx_hal.o
LOAD Drivers/STM32F3xx_HAL_Driver/Src/stm32f3xx_hal_tim_ex.o
LOAD Drivers/STM32F3xx_HAL_Driver/Src/stm32f3xx_hal_dma.o
LOAD startup/startup_stm32f303xc.o
LOAD /usr/lib/gcc/arm-none-eabi/5.4.1/../../../arm-none-eabi/lib/armv7e-m/fpu/libm.a
START GROUP
LOAD /usr/lib/gcc/arm-none-eabi/5.4.1/armv7e-m/fpu/libgcc.a
LOAD /usr/lib/gcc/arm-none-eabi/5.4.1/../../../arm-none-eabi/lib/armv7e-m/fpu/libc_nano.a
END GROUP
START GROUP
LOAD /usr/lib/gcc/arm-none-eabi/5.4.1/armv7e-m/fpu/libgcc.a
LOAD /usr/lib/gcc/arm-none-eabi/5.4.1/../../../arm-none-eabi/lib/armv7e-m/fpu/libc_nano.a
LOAD /usr/lib/gcc/arm-none-eabi/5.4.1/../../../arm-none-eabi/lib/armv7e-m/fpu/libnosys.a
END GROUP
START GROUP
LOAD /usr/lib/gcc/arm-none-eabi/5.4.1/armv7e-m/fpu/libgcc.a
LOAD /usr/lib/gcc/arm-none-eabi/5.4.1/../../../arm-none-eabi/lib/armv7e-m/fpu/libc_nano.a
LOAD /usr/lib/gcc/arm-none-eabi/5.4.1/../../../arm-none-eabi/lib/armv7e-m/fpu/libnosys.a
END GROUP
LOAD /usr/lib/gcc/arm-none-eabi/5.4.1/armv7e-m/fpu/crtend.o
LOAD /usr/lib/gcc/arm-none-eabi/5.4.1/armv7e-m/fpu/crtn.o
                0x000000002000a000                _estack = 0x2000a000
                0x0000000000000200                _Min_Heap_Size = 0x200
                0x0000000000000400                _Min_Stack_Size = 0x400

.isr_vector     0x0000000008000000      0x188
                0x0000000008000000                . = ALIGN (0x4)
 *(.isr_vector)
 .isr_vector    0x0000000008000000      0x188 startup/startup_stm32f303xc.o
                0x0000000008000000                g_pfnVectors
                0x0000000008000188                . = ALIGN (0x4)

.text           0x0000000008000188     0x2424
                0x0000000008000188                . = ALIGN (0x4)
 *(.text)
 .text          0x0000000008000188       0xa4 /usr/lib/gcc/arm-none-eabi/5.4.1/armv7e-m/fpu/crtbegin.o
 .text          0x000000000800022c       0x50 /usr/lib/gcc/arm-none-eabi/5.4.1/../../../arm-none-eabi/lib/armv7e-m/fpu/libc_nano.a(lib_a-init.o)
                0x000000000800022c                __libc_init_array
 *(.text*)
 .text.NMI_Handler
                0x000000000800027c        0x4 Src/stm32f3xx_it.o
                0x000000000800027c                NMI_Handler
 .text.HardFault_Handler
                0x0000000008000280        0x4 Src/stm32f3xx_it.o
                0x0000000008000280                HardFault_Handler
 .text.MemManage_Handler
                0x0000000008000284        0x4 Src/stm32f3xx_it.o
                0x0000000008000284                MemManage_Handler
 .text.BusFault_Handler
                0x0000000008000288        0x4 Src/stm32f3xx_it.o
                0x0000000008000288                BusFault_Handler
 .text.UsageFault_Handler
                0x000000000800028c        0x4 Src/stm32f3xx_it.o
                0x000000000800028c                UsageFault_Handler
 .text.SVC_Handler
                0x0000000008000290        0x4 Src/stm32f3xx_it.o
                0x0000000008000290                SVC_Handler
 .text.DebugMon_Handler
                0x0000000008000294        0x4 Src/stm32f3xx_it.o
                0x0000000008000294                DebugMon_Handler
 .text.PendSV_Handler
                0x0000000008000298        0x4 Src/stm32f3xx_it.o
                0x0000000008000298                PendSV_Handler
 .text.SysTick_Handler
                0x000000000800029c        0xc Src/stm32f3xx_it.o
                0x000000000800029c                SysTick_Handler
 .text.SystemInit
                0x00000000080002a8       0x68 Src/system_stm32f3xx.o
                0x00000000080002a8                SystemInit
 .text.MX_TIM6_Init
                0x0000000008000310       0x4c Src/tim.o
                0x0000000008000310                MX_TIM6_Init
 .text.HAL_TIM_Base_MspInit
                0x000000000800035c       0x4c Src/tim.o
                0x000000000800035c                HAL_TIM_Base_MspInit
 .text.HAL_TIM_MspPostInit
                0x00000000080003a8       0x34 Src/tim.o
                0x00000000080003a8                HAL_TIM_MspPostInit
 .text.MX_TIM3_Init
                0x00000000080003dc       0xa0 Src/tim.o
                0x00000000080003dc                MX_TIM3_Init
 .text.MX_GPIO_Init
                0x000000000800047c       0x5c Src/gpio.o
                0x000000000800047c                MX_GPIO_Init
 .text._Error_Handler
                0x00000000080004d8        0x4 Src/main.o
                0x00000000080004d8                _Error_Handler
 .text.SystemClock_Config
                0x00000000080004dc       0x80 Src/main.o
                0x00000000080004dc                SystemClock_Config
 .text.main     0x000000000800055c       0x68 Src/main.o
                0x000000000800055c                main
 .text.assert_failed
                0x00000000080005c4        0x4 Src/main.o
                0x00000000080005c4                assert_failed
 .text.HAL_MspInit
                0x00000000080005c8       0x7c Src/stm32f3xx_hal_msp.o
                0x00000000080005c8                HAL_MspInit
 .text.HAL_RCC_OscConfig
                0x0000000008000644      0x734 Drivers/STM32F3xx_HAL_Driver/Src/stm32f3xx_hal_rcc.o
                0x0000000008000644                HAL_RCC_OscConfig
 .text.HAL_RCC_GetSysClockFreq
                0x0000000008000d78       0x74 Drivers/STM32F3xx_HAL_Driver/Src/stm32f3xx_hal_rcc.o
                0x0000000008000d78                HAL_RCC_GetSysClockFreq
 .text.HAL_RCC_ClockConfig
                0x0000000008000dec      0x2a4 Drivers/STM32F3xx_HAL_Driver/Src/stm32f3xx_hal_rcc.o
                0x0000000008000dec                HAL_RCC_ClockConfig
 .text.HAL_RCC_GetHCLKFreq
                0x0000000008001090        0xc Drivers/STM32F3xx_HAL_Driver/Src/stm32f3xx_hal_rcc.o
                0x0000000008001090                HAL_RCC_GetHCLKFreq
 .text.TIM_TI1_ConfigInputStage
                0x000000000800109c       0x28 Drivers/STM32F3xx_HAL_Driver/Src/stm32f3xx_hal_tim.o
 .text.TIM_TI2_ConfigInputStage
                0x00000000080010c4       0x28 Drivers/STM32F3xx_HAL_Driver/Src/stm32f3xx_hal_tim.o
 .text.TIM_ITRx_SetConfig
                0x00000000080010ec       0x10 Drivers/STM32F3xx_HAL_Driver/Src/stm32f3xx_hal_tim.o
 .text.HAL_TIM_PWM_MspInit
                0x00000000080010fc        0x4 Drivers/STM32F3xx_HAL_Driver/Src/stm32f3xx_hal_tim.o
                0x00000000080010fc                HAL_TIM_PWM_MspInit
 .text.TIM_Base_SetConfig
                0x0000000008001100       0xb8 Drivers/STM32F3xx_HAL_Driver/Src/stm32f3xx_hal_tim.o
                0x0000000008001100                TIM_Base_SetConfig
 .text.HAL_TIM_Base_Init
                0x00000000080011b8       0xdc Drivers/STM32F3xx_HAL_Driver/Src/stm32f3xx_hal_tim.o
                0x00000000080011b8                HAL_TIM_Base_Init
 .text.HAL_TIM_PWM_Init
                0x0000000008001294       0xe4 Drivers/STM32F3xx_HAL_Driver/Src/stm32f3xx_hal_tim.o
                0x0000000008001294                HAL_TIM_PWM_Init
 .text.TIM_OC1_SetConfig
                0x0000000008001378       0xe4 Drivers/STM32F3xx_HAL_Driver/Src/stm32f3xx_hal_tim.o
                0x0000000008001378                TIM_OC1_SetConfig
 .text.TIM_OC2_SetConfig
                0x000000000800145c       0xd4 Drivers/STM32F3xx_HAL_Driver/Src/stm32f3xx_hal_tim.o
                0x000000000800145c                TIM_OC2_SetConfig
 .text.TIM_OC3_SetConfig
                0x0000000008001530       0xd4 Drivers/STM32F3xx_HAL_Driver/Src/stm32f3xx_hal_tim.o
                0x0000000008001530                TIM_OC3_SetConfig
 .text.TIM_OC4_SetConfig
                0x0000000008001604       0x8c Drivers/STM32F3xx_HAL_Driver/Src/stm32f3xx_hal_tim.o
                0x0000000008001604                TIM_OC4_SetConfig
 .text.TIM_ETR_SetConfig
                0x0000000008001690       0x1c Drivers/STM32F3xx_HAL_Driver/Src/stm32f3xx_hal_tim.o
                0x0000000008001690                TIM_ETR_SetConfig
 .text.HAL_TIM_ConfigClockSource
                0x00000000080016ac      0x4e0 Drivers/STM32F3xx_HAL_Driver/Src/stm32f3xx_hal_tim.o
                0x00000000080016ac                HAL_TIM_ConfigClockSource
 .text.HAL_GPIO_Init
                0x0000000008001b8c      0x2b0 Drivers/STM32F3xx_HAL_Driver/Src/stm32f3xx_hal_gpio.o
                0x0000000008001b8c                HAL_GPIO_Init
 .text.HAL_GPIO_WritePin
                0x0000000008001e3c       0x30 Drivers/STM32F3xx_HAL_Driver/Src/stm32f3xx_hal_gpio.o
                0x0000000008001e3c                HAL_GPIO_WritePin
 .text.HAL_NVIC_SetPriorityGrouping
                0x0000000008001e6c       0x3c Drivers/STM32F3xx_HAL_Driver/Src/stm32f3xx_hal_cortex.o
                0x0000000008001e6c                HAL_NVIC_SetPriorityGrouping
 .text.HAL_NVIC_SetPriority
                0x0000000008001ea8       0x84 Drivers/STM32F3xx_HAL_Driver/Src/stm32f3xx_hal_cortex.o
                0x0000000008001ea8                HAL_NVIC_SetPriority
 .text.HAL_SYSTICK_Config
                0x0000000008001f2c       0x2c Drivers/STM32F3xx_HAL_Driver/Src/stm32f3xx_hal_cortex.o
                0x0000000008001f2c                HAL_SYSTICK_Config
 .text.HAL_SYSTICK_CLKSourceConfig
                0x0000000008001f58       0x38 Drivers/STM32F3xx_HAL_Driver/Src/stm32f3xx_hal_cortex.o
                0x0000000008001f58                HAL_SYSTICK_CLKSourceConfig
 .text.HAL_SYSTICK_Callback
                0x0000000008001f90        0x4 Drivers/STM32F3xx_HAL_Driver/Src/stm32f3xx_hal_cortex.o
                0x0000000008001f90                HAL_SYSTICK_Callback
 .text.HAL_SYSTICK_IRQHandler
                0x0000000008001f94        0x8 Drivers/STM32F3xx_HAL_Driver/Src/stm32f3xx_hal_cortex.o
                0x0000000008001f94                HAL_SYSTICK_IRQHandler
 .text.HAL_InitTick
                0x0000000008001f9c       0x2c Drivers/STM32F3xx_HAL_Driver/Src/stm32f3xx_hal.o
                0x0000000008001f9c                HAL_InitTick
 .text.HAL_Init
                0x0000000008001fc8       0x24 Drivers/STM32F3xx_HAL_Driver/Src/stm32f3xx_hal.o
                0x0000000008001fc8                HAL_Init
 .text.HAL_IncTick
                0x0000000008001fec       0x10 Drivers/STM32F3xx_HAL_Driver/Src/stm32f3xx_hal.o
                0x0000000008001fec                HAL_IncTick
 .text.HAL_GetTick
                0x0000000008001ffc        0xc Drivers/STM32F3xx_HAL_Driver/Src/stm32f3xx_hal.o
                0x0000000008001ffc                HAL_GetTick
 .text.HAL_Delay
                0x0000000008002008       0x24 Drivers/STM32F3xx_HAL_Driver/Src/stm32f3xx_hal.o
                0x0000000008002008                HAL_Delay
 .text.TIM_OC5_SetConfig
                0x000000000800202c       0x68 Drivers/STM32F3xx_HAL_Driver/Src/stm32f3xx_hal_tim_ex.o
 .text.TIM_OC6_SetConfig
                0x0000000008002094       0x6c Drivers/STM32F3xx_HAL_Driver/Src/stm32f3xx_hal_tim_ex.o
 .text.HAL_TIM_PWM_ConfigChannel
                0x0000000008002100      0x2f4 Drivers/STM32F3xx_HAL_Driver/Src/stm32f3xx_hal_tim_ex.o
                0x0000000008002100                HAL_TIM_PWM_ConfigChannel
 .text.HAL_TIMEx_MasterConfigSynchronization
                0x00000000080023f4      0x14c Drivers/STM32F3xx_HAL_Driver/Src/stm32f3xx_hal_tim_ex.o
                0x00000000080023f4                HAL_TIMEx_MasterConfigSynchronization
 .text.Reset_Handler
                0x0000000008002540       0x50 startup/startup_stm32f303xc.o
                0x0000000008002540                Reset_Handler
 .text.Default_Handler
                0x0000000008002590        0x2 startup/startup_stm32f303xc.o
                0x0000000008002590                RTC_Alarm_IRQHandler
                0x0000000008002590                TIM8_TRG_COM_IRQHandler
                0x0000000008002590                TIM8_CC_IRQHandler
                0x0000000008002590                TIM1_CC_IRQHandler
                0x0000000008002590                USB_HP_IRQHandler
                0x0000000008002590                PVD_IRQHandler
                0x0000000008002590                TAMP_STAMP_IRQHandler
                0x0000000008002590                EXTI3_IRQHandler
                0x0000000008002590                USB_HP_CAN_TX_IRQHandler
                0x0000000008002590                EXTI0_IRQHandler
                0x0000000008002590                I2C2_EV_IRQHandler
                0x0000000008002590                FPU_IRQHandler
                0x0000000008002590                TIM1_UP_TIM16_IRQHandler
                0x0000000008002590                ADC1_2_IRQHandler
                0x0000000008002590                SPI1_IRQHandler
                0x0000000008002590                CAN_SCE_IRQHandler
                0x0000000008002590                TIM6_DAC_IRQHandler
                0x0000000008002590                TIM8_UP_IRQHandler
                0x0000000008002590                DMA2_Channel2_IRQHandler
                0x0000000008002590                DMA1_Channel4_IRQHandler
                0x0000000008002590                USART3_IRQHandler
                0x0000000008002590                DMA1_Channel7_IRQHandler
                0x0000000008002590                UART5_IRQHandler
                0x0000000008002590                ADC3_IRQHandler
                0x0000000008002590                TIM4_IRQHandler
                0x0000000008002590                CAN_RX1_IRQHandler
                0x0000000008002590                DMA2_Channel1_IRQHandler
                0x0000000008002590                I2C1_EV_IRQHandler
                0x0000000008002590                DMA1_Channel6_IRQHandler
                0x0000000008002590                UART4_IRQHandler
                0x0000000008002590                DMA2_Channel4_IRQHandler
                0x0000000008002590                TIM3_IRQHandler
                0x0000000008002590                RCC_IRQHandler
                0x0000000008002590                DMA1_Channel1_IRQHandler
                0x0000000008002590                Default_Handler
                0x0000000008002590                USBWakeUp_RMP_IRQHandler
                0x0000000008002590                EXTI15_10_IRQHandler
                0x0000000008002590                TIM7_IRQHandler
                0x0000000008002590                EXTI9_5_IRQHandler
                0x0000000008002590                RTC_WKUP_IRQHandler
                0x0000000008002590                SPI2_IRQHandler
                0x0000000008002590                USB_LP_CAN_RX0_IRQHandler
                0x0000000008002590                DMA2_Channel5_IRQHandler
                0x0000000008002590                DMA1_Channel5_IRQHandler
                0x0000000008002590                USB_LP_IRQHandler
                0x0000000008002590                EXTI4_IRQHandler
                0x0000000008002590                TIM1_TRG_COM_TIM17_IRQHandler
                0x0000000008002590                DMA1_Channel3_IRQHandler
                0x0000000008002590                ADC4_IRQHandler
                0x0000000008002590                WWDG_IRQHandler
                0x0000000008002590                TIM2_IRQHandler
                0x0000000008002590                COMP7_IRQHandler
                0x0000000008002590                COMP1_2_3_IRQHandler
                0x0000000008002590                EXTI1_IRQHandler
                0x0000000008002590                USART2_IRQHandler
                0x0000000008002590                COMP4_5_6_IRQHandler
                0x0000000008002590                I2C2_ER_IRQHandler
                0x0000000008002590                DMA1_Channel2_IRQHandler
                0x0000000008002590                TIM8_BRK_IRQHandler
                0x0000000008002590                FLASH_IRQHandler
                0x0000000008002590                USART1_IRQHandler
                0x0000000008002590                SPI3_IRQHandler
                0x0000000008002590                I2C1_ER_IRQHandler
                0x0000000008002590                USBWakeUp_IRQHandler
                0x0000000008002590                DMA2_Channel3_IRQHandler
                0x0000000008002590                EXTI2_TSC_IRQHandler
                0x0000000008002590                TIM1_BRK_TIM15_IRQHandler
 *(.glue_7)
 .glue_7        0x0000000008002592        0x0 linker stubs
 *(.glue_7t)
 .glue_7t       0x0000000008002592        0x0 linker stubs
 *(.eh_frame)
 *fill*         0x0000000008002592        0x2 
 .eh_frame      0x0000000008002594        0x0 /usr/lib/gcc/arm-none-eabi/5.4.1/armv7e-m/fpu/crtbegin.o
 *(.init)
 .init          0x0000000008002594        0x4 /usr/lib/gcc/arm-none-eabi/5.4.1/armv7e-m/fpu/crti.o
                0x0000000008002594                _init
 .init          0x0000000008002598        0x8 /usr/lib/gcc/arm-none-eabi/5.4.1/armv7e-m/fpu/crtn.o
 *(.fini)
 .fini          0x00000000080025a0        0x4 /usr/lib/gcc/arm-none-eabi/5.4.1/armv7e-m/fpu/crti.o
                0x00000000080025a0                _fini
 .fini          0x00000000080025a4        0x8 /usr/lib/gcc/arm-none-eabi/5.4.1/armv7e-m/fpu/crtn.o
                0x00000000080025ac                . = ALIGN (0x4)
                0x00000000080025ac                _etext = .

.vfp11_veneer   0x00000000080025ac        0x0
 .vfp11_veneer  0x00000000080025ac        0x0 linker stubs

.v4_bx          0x00000000080025ac        0x0
 .v4_bx         0x00000000080025ac        0x0 linker stubs

.iplt           0x00000000080025ac        0x0
 .iplt          0x00000000080025ac        0x0 /usr/lib/gcc/arm-none-eabi/5.4.1/armv7e-m/fpu/crtbegin.o

.rodata         0x00000000080025ac      0x178
                0x00000000080025ac                . = ALIGN (0x4)
 *(.rodata)
 .rodata        0x00000000080025ac       0x18 Src/system_stm32f3xx.o
                0x00000000080025ac                AHBPrescTable
                0x00000000080025bc                APBPrescTable
 .rodata        0x00000000080025c4       0x10 Src/main.o
 .rodata        0x00000000080025d4       0x20 Drivers/STM32F3xx_HAL_Driver/Src/stm32f3xx_hal_rcc.o
                0x00000000080025d4                aPLLMULFactorTable
                0x00000000080025e4                aPredivFactorTable
 *(.rodata*)
 .rodata.str1.4
                0x00000000080025f4        0xa Src/tim.o
 *fill*         0x00000000080025fe        0x2 
 .rodata.str1.4
                0x0000000008002600        0xb Src/main.o
 *fill*         0x000000000800260b        0x1 
 .rodata.str1.4
                0x000000000800260c       0x35 Drivers/STM32F3xx_HAL_Driver/Src/stm32f3xx_hal_rcc.o
 *fill*         0x0000000008002641        0x3 
 .rodata.str1.4
                0x0000000008002644       0x35 Drivers/STM32F3xx_HAL_Driver/Src/stm32f3xx_hal_tim.o
 *fill*         0x0000000008002679        0x3 
 .rodata.str1.4
                0x000000000800267c       0x36 Drivers/STM32F3xx_HAL_Driver/Src/stm32f3xx_hal_gpio.o
 *fill*         0x00000000080026b2        0x2 
 .rodata.str1.4
                0x00000000080026b4       0x38 Drivers/STM32F3xx_HAL_Driver/Src/stm32f3xx_hal_cortex.o
 .rodata.str1.4
                0x00000000080026ec       0x38 Drivers/STM32F3xx_HAL_Driver/Src/stm32f3xx_hal_tim_ex.o
                0x0000000008002724                . = ALIGN (0x4)

.rel.dyn        0x0000000008002724        0x0
 .rel.iplt      0x0000000008002724        0x0 /usr/lib/gcc/arm-none-eabi/5.4.1/armv7e-m/fpu/crtbegin.o

.ARM.extab
 *(.ARM.extab* .gnu.linkonce.armextab.*)

.ARM            0x0000000008002724        0x0
                0x0000000008002724                __exidx_start = .
 *(.ARM.exidx*)
                0x0000000008002724                __exidx_end = .

.preinit_array  0x0000000008002724        0x0
                0x0000000008002724                PROVIDE (__preinit_array_start, .)
 *(.preinit_array*)
                0x0000000008002724                PROVIDE (__preinit_array_end, .)

.init_array     0x0000000008002724        0x4
                0x0000000008002724                PROVIDE (__init_array_start, .)
 *(SORT(.init_array.*))
 *(.init_array*)
 .init_array    0x0000000008002724        0x4 /usr/lib/gcc/arm-none-eabi/5.4.1/armv7e-m/fpu/crtbegin.o
                0x0000000008002728                PROVIDE (__init_array_end, .)

.fini_array     0x0000000008002728        0x4
                0x0000000008002728                PROVIDE (__fini_array_start, .)
 *(SORT(.fini_array.*))
 *(.fini_array*)
 .fini_array    0x0000000008002728        0x4 /usr/lib/gcc/arm-none-eabi/5.4.1/armv7e-m/fpu/crtbegin.o
                0x000000000800272c                PROVIDE (__fini_array_end, .)
                0x000000000800272c                _sidata = LOADADDR (.data)

.data           0x0000000020000000        0x4 load address 0x000000000800272c
                0x0000000020000000                . = ALIGN (0x4)
                0x0000000020000000                _sdata = .
 *(.data)
 .data          0x0000000020000000        0x4 Src/system_stm32f3xx.o
                0x0000000020000000                SystemCoreClock
 *(.data*)
                0x0000000020000004                . = ALIGN (0x4)
                0x0000000020000004                _edata = .
                0x0000000008002730                _siccmram = LOADADDR (.ccmram)

.jcr            0x0000000020000004        0x0 load address 0x0000000008002730
 .jcr           0x0000000020000004        0x0 /usr/lib/gcc/arm-none-eabi/5.4.1/armv7e-m/fpu/crtbegin.o

.tm_clone_table
                0x0000000020000004        0x0 load address 0x0000000008002730
 .tm_clone_table
                0x0000000020000004        0x0 /usr/lib/gcc/arm-none-eabi/5.4.1/armv7e-m/fpu/crtbegin.o
 .tm_clone_table
                0x0000000020000004        0x0 /usr/lib/gcc/arm-none-eabi/5.4.1/armv7e-m/fpu/crtend.o

.igot.plt       0x0000000020000004        0x0 load address 0x0000000008002730
 .igot.plt      0x0000000020000004        0x0 /usr/lib/gcc/arm-none-eabi/5.4.1/armv7e-m/fpu/crtbegin.o

.ccmram         0x0000000010000000        0x0 load address 0x0000000008002730
                0x0000000010000000                . = ALIGN (0x4)
                0x0000000010000000                _sccmram = .
 *(.ccmram)
 *(.ccmram*)
                0x0000000010000000                . = ALIGN (0x4)
                0x0000000010000000                _eccmram = .
                0x0000000010000000                . = ALIGN (0x4)

.bss            0x0000000020000004       0xa0
                0x0000000020000004                _sbss = .
                0x0000000020000004                __bss_start__ = _sbss
 *(.bss)
 .bss           0x0000000020000004       0x1c /usr/lib/gcc/arm-none-eabi/5.4.1/armv7e-m/fpu/crtbegin.o
 *(.bss*)
 *(COMMON)
 COMMON         0x0000000020000020       0x80 Src/tim.o
                0x0000000020000020                htim3
                0x0000000020000060                htim6
 COMMON         0x00000000200000a0        0x4 Drivers/STM32F3xx_HAL_Driver/Src/stm32f3xx_hal.o
                0x00000000200000a0                uwTick
                0x00000000200000a4                . = ALIGN (0x4)
                0x00000000200000a4                _ebss = .
                0x00000000200000a4                __bss_end__ = _ebss

._user_heap_stack
                0x00000000200000a4      0x604
                0x00000000200000a8                . = ALIGN (0x8)
 *fill*         0x00000000200000a4        0x4 
                [!provide]                        PROVIDE (end, .)
                [!provide]                        PROVIDE (_end, .)
                0x00000000200002a8                . = (. + _Min_Heap_Size)
 *fill*         0x00000000200000a8      0x200 
                0x00000000200006a8                . = (. + _Min_Stack_Size)
 *fill*         0x00000000200002a8      0x400 
                0x00000000200006a8                . = ALIGN (0x8)

/DISCARD/
 libc.a(*)
 libm.a(*)
 libgcc.a(*)

.ARM.attributes
                0x0000000000000000       0x30
 *(.ARM.attributes)
 .ARM.attributes
                0x0000000000000000       0x22 /usr/lib/gcc/arm-none-eabi/5.4.1/armv7e-m/fpu/crti.o
 .ARM.attributes
                0x0000000000000022       0x34 /usr/lib/gcc/arm-none-eabi/5.4.1/armv7e-m/fpu/crtbegin.o
 .ARM.attributes
                0x0000000000000056       0x39 Src/stm32f3xx_it.o
 .ARM.attributes
                0x000000000000008f       0x39 Src/system_stm32f3xx.o
 .ARM.attributes
                0x00000000000000c8       0x39 Src/tim.o
 .ARM.attributes
                0x0000000000000101       0x39 Src/gpio.o
 .ARM.attributes
                0x000000000000013a       0x39 Src/main.o
 .ARM.attributes
                0x0000000000000173       0x39 Src/stm32f3xx_hal_msp.o
 .ARM.attributes
                0x00000000000001ac       0x39 Drivers/STM32F3xx_HAL_Driver/Src/stm32f3xx_hal_rcc.o
 .ARM.attributes
                0x00000000000001e5       0x39 Drivers/STM32F3xx_HAL_Driver/Src/stm32f3xx_hal_tim.o
 .ARM.attributes
                0x000000000000021e       0x39 Drivers/STM32F3xx_HAL_Driver/Src/stm32f3xx_hal_gpio.o
 .ARM.attributes
                0x0000000000000257       0x39 Drivers/STM32F3xx_HAL_Driver/Src/stm32f3xx_hal_cortex.o
 .ARM.attributes
                0x0000000000000290       0x39 Drivers/STM32F3xx_HAL_Driver/Src/stm32f3xx_hal.o
 .ARM.attributes
                0x00000000000002c9       0x39 Drivers/STM32F3xx_HAL_Driver/Src/stm32f3xx_hal_tim_ex.o
 .ARM.attributes
                0x0000000000000302       0x21 startup/startup_stm32f303xc.o
 .ARM.attributes
                0x0000000000000323       0x34 /usr/lib/gcc/arm-none-eabi/5.4.1/../../../arm-none-eabi/lib/armv7e-m/fpu/libc_nano.a(lib_a-init.o)
 .ARM.attributes
                0x0000000000000357       0x34 /usr/lib/gcc/arm-none-eabi/5.4.1/armv7e-m/fpu/crtend.o
 .ARM.attributes
                0x000000000000038b       0x22 /usr/lib/gcc/arm-none-eabi/5.4.1/armv7e-m/fpu/crtn.o
OUTPUT(blink.elf elf32-littlearm)

.comment        0x0000000000000000       0x2b
 .comment       0x0000000000000000       0x2b /usr/lib/gcc/arm-none-eabi/5.4.1/armv7e-m/fpu/crtbegin.o
                                         0x2c (size before relaxing)
 .comment       0x000000000000002b       0x2c Src/stm32f3xx_it.o
 .comment       0x000000000000002b       0x2c Src/system_stm32f3xx.o
 .comment       0x000000000000002b       0x2c Src/tim.o
 .comment       0x000000000000002b       0x2c Src/gpio.o
 .comment       0x000000000000002b       0x2c Src/main.o
 .comment       0x000000000000002b       0x2c Src/stm32f3xx_hal_msp.o
 .comment       0x000000000000002b       0x2c Drivers/STM32F3xx_HAL_Driver/Src/stm32f3xx_hal_rcc.o
 .comment       0x000000000000002b       0x2c Drivers/STM32F3xx_HAL_Driver/Src/stm32f3xx_hal_tim.o
 .comment       0x000000000000002b       0x2c Drivers/STM32F3xx_HAL_Driver/Src/stm32f3xx_hal_gpio.o
 .comment       0x000000000000002b       0x2c Drivers/STM32F3xx_HAL_Driver/Src/stm32f3xx_hal_cortex.o
 .comment       0x000000000000002b       0x2c Drivers/STM32F3xx_HAL_Driver/Src/stm32f3xx_hal.o
 .comment       0x000000000000002b       0x2c Drivers/STM32F3xx_HAL_Driver/Src/stm32f3xx_hal_tim_ex.o
 .comment       0x000000000000002b       0x2c /usr/lib/gcc/arm-none-eabi/5.4.1/../../../arm-none-eabi/lib/armv7e-m/fpu/libc_nano.a(lib_a-init.o)
 .comment       0x000000000000002b       0x2c /usr/lib/gcc/arm-none-eabi/5.4.1/armv7e-m/fpu/crtend.o

.debug_info     0x0000000000000000     0xbf24
 .debug_info    0x0000000000000000      0x174 Src/stm32f3xx_it.o
 .debug_info    0x0000000000000174      0x404 Src/system_stm32f3xx.o
 .debug_info    0x0000000000000578      0xb92 Src/tim.o
 .debug_info    0x000000000000110a      0x35b Src/gpio.o
 .debug_info    0x0000000000001465      0x78c Src/main.o
 .debug_info    0x0000000000001bf1      0x47f Src/stm32f3xx_hal_msp.o
 .debug_info    0x0000000000002070     0x1662 Drivers/STM32F3xx_HAL_Driver/Src/stm32f3xx_hal_rcc.o
 .debug_info    0x00000000000036d2     0x4630 Drivers/STM32F3xx_HAL_Driver/Src/stm32f3xx_hal_tim.o
 .debug_info    0x0000000000007d02      0x84b Drivers/STM32F3xx_HAL_Driver/Src/stm32f3xx_hal_gpio.o
 .debug_info    0x000000000000854d     0x1092 Drivers/STM32F3xx_HAL_Driver/Src/stm32f3xx_hal_cortex.o
 .debug_info    0x00000000000095df      0x752 Drivers/STM32F3xx_HAL_Driver/Src/stm32f3xx_hal.o
 .debug_info    0x0000000000009d31     0x2081 Drivers/STM32F3xx_HAL_Driver/Src/stm32f3xx_hal_tim_ex.o
 .debug_info    0x000000000000bdb2       0x62 startup/startup_stm32f303xc.o
 .debug_info    0x000000000000be14      0x110 /usr/lib/gcc/arm-none-eabi/5.4.1/../../../arm-none-eabi/lib/armv7e-m/fpu/libc_nano.a(lib_a-init.o)

.debug_abbrev   0x0000000000000000     0x15ee
 .debug_abbrev  0x0000000000000000       0xbb Src/stm32f3xx_it.o
 .debug_abbrev  0x00000000000000bb      0x104 Src/system_stm32f3xx.o
 .debug_abbrev  0x00000000000001bf      0x1cf Src/tim.o
 .debug_abbrev  0x000000000000038e      0x148 Src/gpio.o
 .debug_abbrev  0x00000000000004d6      0x1b4 Src/main.o
 .debug_abbrev  0x000000000000068a      0x114 Src/stm32f3xx_hal_msp.o
 .debug_abbrev  0x000000000000079e      0x281 Drivers/STM32F3xx_HAL_Driver/Src/stm32f3xx_hal_rcc.o
 .debug_abbrev  0x0000000000000a1f      0x21b Drivers/STM32F3xx_HAL_Driver/Src/stm32f3xx_hal_tim.o
 .debug_abbrev  0x0000000000000c3a      0x204 Drivers/STM32F3xx_HAL_Driver/Src/stm32f3xx_hal_gpio.o
 .debug_abbrev  0x0000000000000e3e      0x2f9 Drivers/STM32F3xx_HAL_Driver/Src/stm32f3xx_hal_cortex.o
 .debug_abbrev  0x0000000000001137      0x1d0 Drivers/STM32F3xx_HAL_Driver/Src/stm32f3xx_hal.o
 .debug_abbrev  0x0000000000001307      0x21b Drivers/STM32F3xx_HAL_Driver/Src/stm32f3xx_hal_tim_ex.o
 .debug_abbrev  0x0000000000001522       0x12 startup/startup_stm32f303xc.o
 .debug_abbrev  0x0000000000001534       0xba /usr/lib/gcc/arm-none-eabi/5.4.1/../../../arm-none-eabi/lib/armv7e-m/fpu/libc_nano.a(lib_a-init.o)

.debug_aranges  0x0000000000000000      0x8c8
 .debug_aranges
                0x0000000000000000       0x60 Src/stm32f3xx_it.o
 .debug_aranges
                0x0000000000000060       0x28 Src/system_stm32f3xx.o
 .debug_aranges
                0x0000000000000088       0x40 Src/tim.o
 .debug_aranges
                0x00000000000000c8       0x20 Src/gpio.o
 .debug_aranges
                0x00000000000000e8       0x38 Src/main.o
 .debug_aranges
                0x0000000000000120       0x20 Src/stm32f3xx_hal_msp.o
 .debug_aranges
                0x0000000000000140       0x88 Drivers/STM32F3xx_HAL_Driver/Src/stm32f3xx_hal_rcc.o
 .debug_aranges
                0x00000000000001c8      0x378 Drivers/STM32F3xx_HAL_Driver/Src/stm32f3xx_hal_tim.o
 .debug_aranges
                0x0000000000000540       0x58 Drivers/STM32F3xx_HAL_Driver/Src/stm32f3xx_hal_gpio.o
 .debug_aranges
                0x0000000000000598       0xa8 Drivers/STM32F3xx_HAL_Driver/Src/stm32f3xx_hal_cortex.o
 .debug_aranges
                0x0000000000000640       0xc8 Drivers/STM32F3xx_HAL_Driver/Src/stm32f3xx_hal.o
 .debug_aranges
                0x0000000000000708      0x178 Drivers/STM32F3xx_HAL_Driver/Src/stm32f3xx_hal_tim_ex.o
 .debug_aranges
                0x0000000000000880       0x28 startup/startup_stm32f303xc.o
 .debug_aranges
                0x00000000000008a8       0x20 /usr/lib/gcc/arm-none-eabi/5.4.1/../../../arm-none-eabi/lib/armv7e-m/fpu/libc_nano.a(lib_a-init.o)

.debug_ranges   0x0000000000000000      0x7f8
 .debug_ranges  0x0000000000000000       0x50 Src/stm32f3xx_it.o
 .debug_ranges  0x0000000000000050       0x18 Src/system_stm32f3xx.o
 .debug_ranges  0x0000000000000068       0x30 Src/tim.o
 .debug_ranges  0x0000000000000098       0x10 Src/gpio.o
 .debug_ranges  0x00000000000000a8       0x28 Src/main.o
 .debug_ranges  0x00000000000000d0       0x10 Src/stm32f3xx_hal_msp.o
 .debug_ranges  0x00000000000000e0       0x90 Drivers/STM32F3xx_HAL_Driver/Src/stm32f3xx_hal_rcc.o
 .debug_ranges  0x0000000000000170      0x368 Drivers/STM32F3xx_HAL_Driver/Src/stm32f3xx_hal_tim.o
 .debug_ranges  0x00000000000004d8       0x48 Drivers/STM32F3xx_HAL_Driver/Src/stm32f3xx_hal_gpio.o
 .debug_ranges  0x0000000000000520       0x98 Drivers/STM32F3xx_HAL_Driver/Src/stm32f3xx_hal_cortex.o
 .debug_ranges  0x00000000000005b8       0xb8 Drivers/STM32F3xx_HAL_Driver/Src/stm32f3xx_hal.o
 .debug_ranges  0x0000000000000670      0x168 Drivers/STM32F3xx_HAL_Driver/Src/stm32f3xx_hal_tim_ex.o
 .debug_ranges  0x00000000000007d8       0x20 startup/startup_stm32f303xc.o

.debug_macro    0x0000000000000000    0x1a247
 .debug_macro   0x0000000000000000      0x2f9 Src/stm32f3xx_it.o
 .debug_macro   0x00000000000002f9      0x898 Src/stm32f3xx_it.o
 .debug_macro   0x0000000000000b91       0x1c Src/stm32f3xx_it.o
 .debug_macro   0x0000000000000bad       0xa6 Src/stm32f3xx_it.o
 .debug_macro   0x0000000000000c53       0x2f Src/stm32f3xx_it.o
 .debug_macro   0x0000000000000c82       0x28 Src/stm32f3xx_it.o
 .debug_macro   0x0000000000000caa       0x22 Src/stm32f3xx_it.o
 .debug_macro   0x0000000000000ccc       0x87 Src/stm32f3xx_it.o
 .debug_macro   0x0000000000000d53       0x44 Src/stm32f3xx_it.o
 .debug_macro   0x0000000000000d97       0xfd Src/stm32f3xx_it.o
 .debug_macro   0x0000000000000e94       0x5e Src/stm32f3xx_it.o
 .debug_macro   0x0000000000000ef2      0x1df Src/stm32f3xx_it.o
 .debug_macro   0x00000000000010d1       0x35 Src/stm32f3xx_it.o
 .debug_macro   0x0000000000001106       0x50 Src/stm32f3xx_it.o
 .debug_macro   0x0000000000001156      0xe66 Src/stm32f3xx_it.o
 .debug_macro   0x0000000000001fbc    0x12a56 Src/stm32f3xx_it.o
 .debug_macro   0x0000000000014a12       0x43 Src/stm32f3xx_it.o
 .debug_macro   0x0000000000014a55       0x52 Src/stm32f3xx_it.o
 .debug_macro   0x0000000000014aa7       0x35 Src/stm32f3xx_it.o
 .debug_macro   0x0000000000014adc       0x9c Src/stm32f3xx_it.o
 .debug_macro   0x0000000000014b78       0x16 Src/stm32f3xx_it.o
 .debug_macro   0x0000000000014b8e       0x97 Src/stm32f3xx_it.o
 .debug_macro   0x0000000000014c25      0x30d Src/stm32f3xx_it.o
 .debug_macro   0x0000000000014f32       0xfd Src/stm32f3xx_it.o
 .debug_macro   0x000000000001502f       0x10 Src/stm32f3xx_it.o
 .debug_macro   0x000000000001503f       0x52 Src/stm32f3xx_it.o
 .debug_macro   0x0000000000015091       0x1f Src/stm32f3xx_it.o
 .debug_macro   0x00000000000150b0       0x43 Src/stm32f3xx_it.o
 .debug_macro   0x00000000000150f3       0x20 Src/stm32f3xx_it.o
 .debug_macro   0x0000000000015113      0x187 Src/stm32f3xx_it.o
 .debug_macro   0x000000000001529a       0x10 Src/stm32f3xx_it.o
 .debug_macro   0x00000000000152aa       0x1c Src/stm32f3xx_it.o
 .debug_macro   0x00000000000152c6       0x52 Src/stm32f3xx_it.o
 .debug_macro   0x0000000000015318       0x40 Src/stm32f3xx_it.o
 .debug_macro   0x0000000000015358       0x10 Src/stm32f3xx_it.o
 .debug_macro   0x0000000000015368       0x40 Src/stm32f3xx_it.o
 .debug_macro   0x00000000000153a8       0xd7 Src/stm32f3xx_it.o
 .debug_macro   0x000000000001547f       0x16 Src/stm32f3xx_it.o
 .debug_macro   0x0000000000015495      0x189 Src/stm32f3xx_it.o
 .debug_macro   0x000000000001561e       0x49 Src/stm32f3xx_it.o
 .debug_macro   0x0000000000015667      0x968 Src/stm32f3xx_it.o
 .debug_macro   0x0000000000015fcf      0x5fe Src/stm32f3xx_it.o
 .debug_macro   0x00000000000165cd      0x13a Src/stm32f3xx_it.o
 .debug_macro   0x0000000000016707      0x1fb Src/stm32f3xx_it.o
 .debug_macro   0x0000000000016902      0x1bc Src/stm32f3xx_it.o
 .debug_macro   0x0000000000016abe       0x31 Src/stm32f3xx_it.o
 .debug_macro   0x0000000000016aef       0x3c Src/stm32f3xx_it.o
 .debug_macro   0x0000000000016b2b      0x23a Src/stm32f3xx_it.o
 .debug_macro   0x0000000000016d65       0xcb Src/stm32f3xx_it.o
 .debug_macro   0x0000000000016e30      0x22b Src/stm32f3xx_it.o
 .debug_macro   0x000000000001705b      0x202 Src/stm32f3xx_it.o
 .debug_macro   0x000000000001725d       0x5b Src/stm32f3xx_it.o
 .debug_macro   0x00000000000172b8       0x90 Src/stm32f3xx_it.o
 .debug_macro   0x0000000000017348       0x82 Src/stm32f3xx_it.o
 .debug_macro   0x00000000000173ca       0xd3 Src/stm32f3xx_it.o
 .debug_macro   0x000000000001749d      0x6af Src/stm32f3xx_it.o
 .debug_macro   0x0000000000017b4c      0x38a Src/stm32f3xx_it.o
 .debug_macro   0x0000000000017ed6      0x26e Src/stm32f3xx_it.o
 .debug_macro   0x0000000000018144      0x2f5 Src/system_stm32f3xx.o
 .debug_macro   0x0000000000018439      0x2f9 Src/tim.o
 .debug_macro   0x0000000000018732      0x2f9 Src/gpio.o
 .debug_macro   0x0000000000018a2b      0x307 Src/main.o
 .debug_macro   0x0000000000018d32      0x2ef Src/stm32f3xx_hal_msp.o
 .debug_macro   0x0000000000019021      0x313 Drivers/STM32F3xx_HAL_Driver/Src/stm32f3xx_hal_rcc.o
 .debug_macro   0x0000000000019334      0x2ef Drivers/STM32F3xx_HAL_Driver/Src/stm32f3xx_hal_tim.o
 .debug_macro   0x0000000000019623      0x327 Drivers/STM32F3xx_HAL_Driver/Src/stm32f3xx_hal_gpio.o
 .debug_macro   0x000000000001994a      0x2ef Drivers/STM32F3xx_HAL_Driver/Src/stm32f3xx_hal_cortex.o
 .debug_macro   0x0000000000019c39      0x313 Drivers/STM32F3xx_HAL_Driver/Src/stm32f3xx_hal.o
 .debug_macro   0x0000000000019f4c      0x2fb Drivers/STM32F3xx_HAL_Driver/Src/stm32f3xx_hal_tim_ex.o

.debug_line     0x0000000000000000     0x8b89
 .debug_line    0x0000000000000000      0x570 Src/stm32f3xx_it.o
 .debug_line    0x0000000000000570      0x50c Src/system_stm32f3xx.o
 .debug_line    0x0000000000000a7c      0x554 Src/tim.o
 .debug_line    0x0000000000000fd0      0x4e6 Src/gpio.o
 .debug_line    0x00000000000014b6      0x555 Src/main.o
 .debug_line    0x0000000000001a0b      0x4ea Src/stm32f3xx_hal_msp.o
 .debug_line    0x0000000000001ef5      0xb2d Drivers/STM32F3xx_HAL_Driver/Src/stm32f3xx_hal_rcc.o
 .debug_line    0x0000000000002a22     0x35be Drivers/STM32F3xx_HAL_Driver/Src/stm32f3xx_hal_tim.o
 .debug_line    0x0000000000005fe0      0x750 Drivers/STM32F3xx_HAL_Driver/Src/stm32f3xx_hal_gpio.o
 .debug_line    0x0000000000006730      0x764 Drivers/STM32F3xx_HAL_Driver/Src/stm32f3xx_hal_cortex.o
 .debug_line    0x0000000000006e94      0x678 Drivers/STM32F3xx_HAL_Driver/Src/stm32f3xx_hal.o
 .debug_line    0x000000000000750c     0x1549 Drivers/STM32F3xx_HAL_Driver/Src/stm32f3xx_hal_tim_ex.o
 .debug_line    0x0000000000008a55       0x7c startup/startup_stm32f303xc.o
 .debug_line    0x0000000000008ad1       0xb8 /usr/lib/gcc/arm-none-eabi/5.4.1/../../../arm-none-eabi/lib/armv7e-m/fpu/libc_nano.a(lib_a-init.o)

.debug_str      0x0000000000000000    0x929c1
 .debug_str     0x0000000000000000    0x8fd19 Src/stm32f3xx_it.o
                                      0x8ff08 (size before relaxing)
 .debug_str     0x000000000008fd19      0x15d Src/system_stm32f3xx.o
                                      0x8ff9e (size before relaxing)
 .debug_str     0x000000000008fe76      0x668 Src/tim.o
                                      0x90563 (size before relaxing)
 .debug_str     0x00000000000904de       0x50 Src/gpio.o
                                      0x8ff7d (size before relaxing)
 .debug_str     0x000000000009052e      0x518 Src/main.o
                                      0x90564 (size before relaxing)
 .debug_str     0x0000000000090a46       0x41 Src/stm32f3xx_hal_msp.o
                                      0x90326 (size before relaxing)
 .debug_str     0x0000000000090a87      0x320 Drivers/STM32F3xx_HAL_Driver/Src/stm32f3xx_hal_rcc.o
                                      0x90413 (size before relaxing)
 .debug_str     0x0000000000090da7      0xc9f Drivers/STM32F3xx_HAL_Driver/Src/stm32f3xx_hal_tim.o
                                      0x9108c (size before relaxing)
 .debug_str     0x0000000000091a46      0x21a Drivers/STM32F3xx_HAL_Driver/Src/stm32f3xx_hal_gpio.o
                                      0x901dd (size before relaxing)
 .debug_str     0x0000000000091c60      0x36f Drivers/STM32F3xx_HAL_Driver/Src/stm32f3xx_hal_cortex.o
                                      0x90819 (size before relaxing)
 .debug_str     0x0000000000091fcf      0x310 Drivers/STM32F3xx_HAL_Driver/Src/stm32f3xx_hal.o
                                      0x90700 (size before relaxing)
 .debug_str     0x00000000000922df      0x546 Drivers/STM32F3xx_HAL_Driver/Src/stm32f3xx_hal_tim_ex.o
                                      0x90af2 (size before relaxing)
 .debug_str     0x0000000000092825      0x19c /usr/lib/gcc/arm-none-eabi/5.4.1/../../../arm-none-eabi/lib/armv7e-m/fpu/libc_nano.a(lib_a-init.o)
                                        0x241 (size before relaxing)

.debug_frame    0x0000000000000000     0x1744
 .debug_frame   0x0000000000000000       0xa8 Src/stm32f3xx_it.o
 .debug_frame   0x00000000000000a8       0x30 Src/system_stm32f3xx.o
 .debug_frame   0x00000000000000d8       0x90 Src/tim.o
 .debug_frame   0x0000000000000168       0x30 Src/gpio.o
 .debug_frame   0x0000000000000198       0x6c Src/main.o
 .debug_frame   0x0000000000000204       0x2c Src/stm32f3xx_hal_msp.o
 .debug_frame   0x0000000000000230      0x160 Drivers/STM32F3xx_HAL_Driver/Src/stm32f3xx_hal_rcc.o
 .debug_frame   0x0000000000000390      0xad4 Drivers/STM32F3xx_HAL_Driver/Src/stm32f3xx_hal_tim.o
 .debug_frame   0x0000000000000e64       0xf8 Drivers/STM32F3xx_HAL_Driver/Src/stm32f3xx_hal_gpio.o
 .debug_frame   0x0000000000000f5c      0x17c Drivers/STM32F3xx_HAL_Driver/Src/stm32f3xx_hal_cortex.o
 .debug_frame   0x00000000000010d8      0x198 Drivers/STM32F3xx_HAL_Driver/Src/stm32f3xx_hal.o
 .debug_frame   0x0000000000001270      0x4a8 Drivers/STM32F3xx_HAL_Driver/Src/stm32f3xx_hal_tim_ex.o
 .debug_frame   0x0000000000001718       0x2c /usr/lib/gcc/arm-none-eabi/5.4.1/../../../arm-none-eabi/lib/armv7e-m/fpu/libc_nano.a(lib_a-init.o)

.debug_loc      0x0000000000000000     0x51e5
 .debug_loc     0x0000000000000000       0xff Src/system_stm32f3xx.o
 .debug_loc     0x00000000000000ff       0x2c Src/tim.o
 .debug_loc     0x000000000000012b       0x1f Src/main.o
 .debug_loc     0x000000000000014a      0x997 Drivers/STM32F3xx_HAL_Driver/Src/stm32f3xx_hal_rcc.o
 .debug_loc     0x0000000000000ae1     0x29c5 Drivers/STM32F3xx_HAL_Driver/Src/stm32f3xx_hal_tim.o
 .debug_loc     0x00000000000034a6      0x464 Drivers/STM32F3xx_HAL_Driver/Src/stm32f3xx_hal_gpio.o
 .debug_loc     0x000000000000390a      0x5d9 Drivers/STM32F3xx_HAL_Driver/Src/stm32f3xx_hal_cortex.o
 .debug_loc     0x0000000000003ee3       0x69 Drivers/STM32F3xx_HAL_Driver/Src/stm32f3xx_hal.o
 .debug_loc     0x0000000000003f4c     0x11eb Drivers/STM32F3xx_HAL_Driver/Src/stm32f3xx_hal_tim_ex.o
 .debug_loc     0x0000000000005137       0xae /usr/lib/gcc/arm-none-eabi/5.4.1/../../../arm-none-eabi/lib/armv7e-m/fpu/libc_nano.a(lib_a-init.o)
